[2025-12-22 00:37:01 DEBUG Log:31] Load part thành công (2042)
[2025-12-22 00:37:01 DEBUG Log:31] Load map template thành công (161)
[2025-12-22 00:37:01 DEBUG Log:31] Load skill thành công (3)
[2025-12-22 00:37:01 DEBUG Log:31] Load head avatar thành công (351)
[2025-12-22 00:37:01 DEBUG Log:31] Load flag bag thành công (112)
[2025-12-22 00:37:01 DEBUG Log:31] Load cải trang thành công (361)
[2025-12-22 00:37:01 DEBUG Log:31] Load intrinsic thành công (26)
[2025-12-22 00:37:01 DEBUG Log:31] Load task thành công (33)
[2025-12-22 00:37:01 DEBUG Log:31] Load side task thành công (59)
[2025-12-22 00:37:01 DEBUG Log:31] Load map item template thành công (2154)
[2025-12-22 00:37:01 DEBUG Log:31] Load map item option template thành công (255)
[2025-12-22 00:37:01 DEBUG Log:31] Load shop thành công (22)
[2025-12-22 00:37:01 DEBUG Log:31] Load reward lucky round thành công! 79.25999999999999
[2025-12-22 00:37:01 DEBUG Log:31] Load reward lucky round thành công (82)
[2025-12-22 00:37:01 DEBUG Log:31] Load mob template thành công (84)
[2025-12-22 00:37:01 DEBUG Log:31] Load npc template thành công (80)
[2025-12-22 00:37:02 DEBUG Log:31] Init map thành công!
[2025-12-22 00:37:02 DEBUG Log:31] Thông báo tải dữ liệu images by name thành công (113)
[2025-12-22 00:37:02 DEBUG Log:31] Load clan thành công (0), clan next id: 0
[2025-12-22 00:37:02 DEBUG Log:22] Tổng thời gian load database: 1977(ms)
[2025-12-22 00:37:02 DEBUG Log:22] Thread: 180
[2026-01-01 01:54:20 DEBUG Log:31] Load part thành công (2042)
[2026-01-01 01:54:20 DEBUG Log:31] Load map template thành công (161)
[2026-01-01 01:54:20 DEBUG Log:31] Load skill thành công (3)
[2026-01-01 01:54:20 DEBUG Log:31] Load head avatar thành công (351)
[2026-01-01 01:54:20 DEBUG Log:31] Load flag bag thành công (112)
[2026-01-01 01:54:20 DEBUG Log:31] Load cải trang thành công (361)
[2026-01-01 01:54:20 DEBUG Log:31] Load intrinsic thành công (26)
[2026-01-01 01:54:20 DEBUG Log:31] Load task thành công (33)
[2026-01-01 01:54:20 DEBUG Log:31] Load side task thành công (59)
[2026-01-01 01:54:20 DEBUG Log:31] Load map item template thành công (2154)
[2026-01-01 01:54:20 DEBUG Log:31] Load map item option template thành công (255)
[2026-01-01 01:54:20 DEBUG Log:31] Load shop thành công (22)
[2026-01-01 01:54:20 DEBUG Log:31] Load reward lucky round thành công! 79.25999999999999
[2026-01-01 01:54:20 DEBUG Log:31] Load reward lucky round thành công (82)
[2026-01-01 01:54:20 DEBUG Log:31] Load mob template thành công (84)
[2026-01-01 01:54:20 DEBUG Log:31] Load npc template thành công (80)
[2026-01-01 01:54:21 DEBUG Log:31] Init map thành công!
[2026-01-01 01:54:21 DEBUG Log:31] Thông báo tải dữ liệu images by name thành công (113)
[2026-01-01 01:54:21 DEBUG Log:31] Load clan thành công (0), clan next id: 0
[2026-01-01 01:54:21 DEBUG Log:22] Tổng thời gian load database: 908(ms)
[2026-01-01 01:54:21 DEBUG Log:22] Thread: 180
[2026-01-01 01:55:13 DEBUG Log:31] Load part thành công (2042)
[2026-01-01 01:55:13 DEBUG Log:31] Load map template thành công (161)
[2026-01-01 01:55:13 DEBUG Log:31] Load skill thành công (3)
[2026-01-01 01:55:13 DEBUG Log:31] Load head avatar thành công (351)
[2026-01-01 01:55:13 DEBUG Log:31] Load flag bag thành công (112)
[2026-01-01 01:55:13 DEBUG Log:31] Load cải trang thành công (361)
[2026-01-01 01:55:13 DEBUG Log:31] Load intrinsic thành công (26)
[2026-01-01 01:55:13 DEBUG Log:31] Load task thành công (33)
[2026-01-01 01:55:13 DEBUG Log:31] Load side task thành công (59)
[2026-01-01 01:55:13 DEBUG Log:31] Load map item template thành công (2154)
[2026-01-01 01:55:13 DEBUG Log:31] Load map item option template thành công (255)
[2026-01-01 01:55:13 DEBUG Log:31] Load shop thành công (22)
[2026-01-01 01:55:13 DEBUG Log:31] Load reward lucky round thành công! 79.25999999999999
[2026-01-01 01:55:13 DEBUG Log:31] Load reward lucky round thành công (82)
[2026-01-01 01:55:13 DEBUG Log:31] Load mob template thành công (84)
[2026-01-01 01:55:13 DEBUG Log:31] Load npc template thành công (80)
[2026-01-01 01:55:14 DEBUG Log:31] Init map thành công!
[2026-01-01 01:55:14 DEBUG Log:31] Thông báo tải dữ liệu images by name thành công (113)
[2026-01-01 01:55:14 DEBUG Log:31] Load clan thành công (0), clan next id: 0
[2026-01-01 01:55:14 DEBUG Log:22] Tổng thời gian load database: 930(ms)
[2026-01-01 01:55:14 DEBUG Log:22] Thread: 180
[2026-01-01 01:57:58 DEBUG Log:31] Load part thành công (2042)
[2026-01-01 01:57:58 DEBUG Log:31] Load map template thành công (161)
[2026-01-01 01:57:58 DEBUG Log:31] Load skill thành công (3)
[2026-01-01 01:57:58 DEBUG Log:31] Load head avatar thành công (351)
[2026-01-01 01:57:58 DEBUG Log:31] Load flag bag thành công (112)
[2026-01-01 01:57:58 DEBUG Log:31] Load cải trang thành công (361)
[2026-01-01 01:57:58 DEBUG Log:31] Load intrinsic thành công (26)
[2026-01-01 01:57:58 DEBUG Log:31] Load task thành công (33)
[2026-01-01 01:57:58 DEBUG Log:31] Load side task thành công (59)
[2026-01-01 01:57:58 DEBUG Log:31] Load map item template thành công (2154)
[2026-01-01 01:57:58 DEBUG Log:31] Load map item option template thành công (255)
[2026-01-01 01:57:58 DEBUG Log:31] Load shop thành công (22)
[2026-01-01 01:57:58 DEBUG Log:31] Load reward lucky round thành công! 79.25999999999999
[2026-01-01 01:57:58 DEBUG Log:31] Load reward lucky round thành công (82)
[2026-01-01 01:57:58 DEBUG Log:31] Load mob template thành công (84)
[2026-01-01 01:57:58 DEBUG Log:31] Load npc template thành công (80)
[2026-01-01 01:57:59 DEBUG Log:31] Init map thành công!
[2026-01-01 01:57:59 DEBUG Log:31] Thông báo tải dữ liệu images by name thành công (113)
[2026-01-01 01:57:59 DEBUG Log:31] Load clan thành công (0), clan next id: 0
[2026-01-01 01:57:59 DEBUG Log:22] Tổng thời gian load database: 891(ms)
[2026-01-01 01:57:59 DEBUG Log:22] Thread: 180
[2026-01-01 02:02:39 DEBUG Log:31] Load part thành công (2042)
[2026-01-01 02:02:39 DEBUG Log:31] Load map template thành công (163)
[2026-01-01 02:02:39 DEBUG Log:31] Load skill thành công (4)
[2026-01-01 02:02:39 DEBUG Log:31] Load head avatar thành công (351)
[2026-01-01 02:02:39 DEBUG Log:31] Load flag bag thành công (112)
[2026-01-01 02:02:39 DEBUG Log:31] Load cải trang thành công (361)
[2026-01-01 02:02:39 DEBUG Log:31] Load intrinsic thành công (26)
[2026-01-01 02:02:39 DEBUG Log:31] Load task thành công (33)
[2026-01-01 02:02:39 DEBUG Log:31] Load side task thành công (59)
[2026-01-01 02:02:39 DEBUG Log:31] Load map item template thành công (2154)
[2026-01-01 02:02:39 DEBUG Log:31] Load map item option template thành công (251)
[2026-01-01 02:02:39 DEBUG Log:31] Load shop thành công (22)
[2026-01-01 02:02:39 DEBUG Log:31] Load reward lucky round thành công! 79.25999999999999
[2026-01-01 02:02:39 DEBUG Log:31] Load reward lucky round thành công (82)
[2026-01-01 02:02:39 DEBUG Log:31] Load mob template thành công (84)
[2026-01-01 02:02:39 DEBUG Log:31] Load npc template thành công (80)
[2026-01-01 02:02:39 DEBUG Log:31] Init map thành công!
[2026-01-01 02:02:39 DEBUG Log:31] Thông báo tải dữ liệu images by name thành công (113)
[2026-01-01 02:02:39 DEBUG Log:31] Load clan thành công (0), clan next id: 0
[2026-01-01 02:02:39 DEBUG Log:22] Tổng thời gian load database: 905(ms)
[2026-01-01 02:02:39 DEBUG Log:22] Thread: 183
[2026-01-01 02:08:42 DEBUG Log:31] Load part thành công (2042)
[2026-01-01 02:08:42 DEBUG Log:31] Load map template thành công (163)
[2026-01-01 02:08:42 DEBUG Log:31] Load skill thành công (4)
[2026-01-01 02:08:42 DEBUG Log:31] Load head avatar thành công (351)
[2026-01-01 02:08:42 DEBUG Log:31] Load flag bag thành công (112)
[2026-01-01 02:08:42 DEBUG Log:31] Load cải trang thành công (361)
[2026-01-01 02:08:42 DEBUG Log:31] Load intrinsic thành công (26)
[2026-01-01 02:08:42 DEBUG Log:31] Load task thành công (33)
[2026-01-01 02:08:42 DEBUG Log:31] Load side task thành công (59)
[2026-01-01 02:08:42 DEBUG Log:31] Load map item template thành công (2154)
[2026-01-01 02:08:42 DEBUG Log:31] Load map item option template thành công (251)
[2026-01-01 02:08:42 DEBUG Log:31] Load shop thành công (22)
[2026-01-01 02:08:42 DEBUG Log:31] Load reward lucky round thành công! 79.25999999999999
[2026-01-01 02:08:42 DEBUG Log:31] Load reward lucky round thành công (82)
[2026-01-01 02:08:42 DEBUG Log:31] Load mob template thành công (84)
[2026-01-01 02:08:42 DEBUG Log:31] Load npc template thành công (80)
[2026-01-01 02:08:42 DEBUG Log:31] Init map thành công!
[2026-01-01 02:08:42 DEBUG Log:31] Thông báo tải dữ liệu images by name thành công (113)
[2026-01-01 02:08:42 DEBUG Log:31] Load clan thành công (0), clan next id: 0
[2026-01-01 02:08:42 DEBUG Log:22] Tổng thời gian load database: 878(ms)
[2026-01-01 02:08:42 DEBUG Log:22] Thread: 182
[2026-01-01 10:27:19 DEBUG Log:31] Load part thành công (2042)
[2026-01-01 10:27:20 DEBUG Log:31] Load map template thành công (163)
[2026-01-01 10:27:20 DEBUG Log:31] Load skill thành công (4)
[2026-01-01 10:27:20 DEBUG Log:31] Load head avatar thành công (351)
[2026-01-01 10:27:20 DEBUG Log:31] Load flag bag thành công (112)
[2026-01-01 10:27:20 DEBUG Log:31] Load cải trang thành công (361)
[2026-01-01 10:27:20 DEBUG Log:31] Load intrinsic thành công (26)
[2026-01-01 10:27:20 DEBUG Log:31] Load task thành công (33)
[2026-01-01 10:27:20 DEBUG Log:31] Load side task thành công (59)
[2026-01-01 10:27:20 DEBUG Log:31] Load map item template thành công (2154)
[2026-01-01 10:27:20 DEBUG Log:31] Load map item option template thành công (251)
[2026-01-01 10:27:20 DEBUG Log:31] Load shop thành công (22)
[2026-01-01 10:27:20 DEBUG Log:31] Load reward lucky round thành công! 79.25999999999999
[2026-01-01 10:27:20 DEBUG Log:31] Load reward lucky round thành công (82)
[2026-01-01 10:27:20 DEBUG Log:31] Load mob template thành công (84)
[2026-01-01 10:27:20 DEBUG Log:31] Load npc template thành công (80)
[2026-01-01 10:27:20 DEBUG Log:31] Init map thành công!
[2026-01-01 10:27:20 DEBUG Log:31] Thông báo tải dữ liệu images by name thành công (113)
[2026-01-01 10:27:20 DEBUG Log:31] Load clan thành công (0), clan next id: 0
[2026-01-01 10:27:20 DEBUG Log:22] Tổng thời gian load database: 1079(ms)
[2026-01-01 10:27:20 DEBUG Log:22] Thread: 182
[2026-01-01 10:40:10 DEBUG Log:31] Load part thành công (2042)
[2026-01-01 10:40:10 DEBUG Log:31] Load map template thành công (163)
[2026-01-01 10:40:10 DEBUG Log:31] Load skill thành công (4)
[2026-01-01 10:40:10 DEBUG Log:31] Load head avatar thành công (351)
[2026-01-01 10:40:10 DEBUG Log:31] Load flag bag thành công (112)
[2026-01-01 10:40:10 DEBUG Log:31] Load cải trang thành công (361)
[2026-01-01 10:40:10 DEBUG Log:31] Load intrinsic thành công (26)
[2026-01-01 10:40:10 DEBUG Log:31] Load task thành công (33)
[2026-01-01 10:40:10 DEBUG Log:31] Load side task thành công (59)
[2026-01-01 10:40:10 DEBUG Log:31] Load map item template thành công (2154)
[2026-01-01 10:40:10 DEBUG Log:31] Load map item option template thành công (251)
[2026-01-01 10:40:10 DEBUG Log:31] Load shop thành công (22)
[2026-01-01 10:40:10 DEBUG Log:31] Load reward lucky round thành công! 79.25999999999999
[2026-01-01 10:40:10 DEBUG Log:31] Load reward lucky round thành công (82)
[2026-01-01 10:40:10 DEBUG Log:31] Load mob template thành công (84)
[2026-01-01 10:40:10 DEBUG Log:31] Load npc template thành công (80)
[2026-01-01 10:40:11 DEBUG Log:31] Init map thành công!
[2026-01-01 10:40:11 DEBUG Log:31] Thông báo tải dữ liệu images by name thành công (113)
[2026-01-01 10:40:11 DEBUG Log:31] Load clan thành công (0), clan next id: 0
[2026-01-01 10:40:11 DEBUG Log:22] Tổng thời gian load database: 853(ms)
[2026-01-01 10:40:11 DEBUG Log:22] Thread: 182
[2026-01-01 11:08:00 DEBUG Log:31] Load part thành công (2042)
[2026-01-01 11:08:00 DEBUG Log:31] Load map template thành công (163)
[2026-01-01 11:08:00 DEBUG Log:31] Load skill thành công (4)
[2026-01-01 11:08:00 DEBUG Log:31] Load head avatar thành công (351)
[2026-01-01 11:08:00 DEBUG Log:31] Load flag bag thành công (112)
[2026-01-01 11:08:00 DEBUG Log:31] Load cải trang thành công (361)
[2026-01-01 11:08:00 DEBUG Log:31] Load intrinsic thành công (26)
[2026-01-01 11:08:00 DEBUG Log:31] Load task thành công (33)
[2026-01-01 11:08:00 DEBUG Log:31] Load side task thành công (59)
[2026-01-01 11:08:00 DEBUG Log:31] Load map item template thành công (2154)
[2026-01-01 11:08:00 DEBUG Log:31] Load map item option template thành công (251)
[2026-01-01 11:08:00 DEBUG Log:31] Load shop thành công (22)
[2026-01-01 11:08:00 DEBUG Log:31] Load reward lucky round thành công! 79.25999999999999
[2026-01-01 11:08:00 DEBUG Log:31] Load reward lucky round thành công (82)
[2026-01-01 11:08:00 DEBUG Log:31] Load mob template thành công (84)
[2026-01-01 11:08:00 DEBUG Log:31] Load npc template thành công (80)
[2026-01-01 11:08:00 DEBUG Log:31] Init map thành công!
[2026-01-01 11:08:00 DEBUG Log:31] Thông báo tải dữ liệu images by name thành công (113)
[2026-01-01 11:08:00 DEBUG Log:31] Load clan thành công (0), clan next id: 0
[2026-01-01 11:08:00 DEBUG Log:22] Tổng thời gian load database: 951(ms)
[2026-01-01 11:08:00 DEBUG Log:22] Thread: 182
[2026-01-01 11:18:13 DEBUG Log:31] Load part thành công (2042)
[2026-01-01 11:18:14 DEBUG Log:31] Load map template thành công (163)
[2026-01-01 11:18:14 DEBUG Log:31] Load skill thành công (4)
[2026-01-01 11:18:14 DEBUG Log:31] Load head avatar thành công (351)
[2026-01-01 11:18:14 DEBUG Log:31] Load flag bag thành công (112)
[2026-01-01 11:18:14 DEBUG Log:31] Load cải trang thành công (361)
[2026-01-01 11:18:14 DEBUG Log:31] Load intrinsic thành công (26)
[2026-01-01 11:18:14 DEBUG Log:31] Load task thành công (33)
[2026-01-01 11:18:14 DEBUG Log:31] Load side task thành công (59)
[2026-01-01 11:18:14 DEBUG Log:31] Load map item template thành công (2154)
[2026-01-01 11:18:14 DEBUG Log:31] Load map item option template thành công (251)
[2026-01-01 11:18:14 DEBUG Log:31] Load shop thành công (22)
[2026-01-01 11:18:14 DEBUG Log:31] Load reward lucky round thành công! 79.25999999999999
[2026-01-01 11:18:14 DEBUG Log:31] Load reward lucky round thành công (82)
[2026-01-01 11:18:14 DEBUG Log:31] Load mob template thành công (84)
[2026-01-01 11:18:14 DEBUG Log:31] Load npc template thành công (80)
[2026-01-01 11:18:14 DEBUG Log:31] Init map thành công!
[2026-01-01 11:18:14 DEBUG Log:31] Thông báo tải dữ liệu images by name thành công (113)
[2026-01-01 11:18:14 DEBUG Log:31] Load clan thành công (0), clan next id: 0
[2026-01-01 11:18:14 DEBUG Log:22] Tổng thời gian load database: 805(ms)
[2026-01-01 11:18:14 DEBUG Log:22] Thread: 183
[2026-01-01 11:26:08 DEBUG Log:31] Load part thành công (2042)
[2026-01-01 11:26:08 DEBUG Log:31] Load map template thành công (163)
[2026-01-01 11:26:08 DEBUG Log:31] Load skill thành công (4)
[2026-01-01 11:26:08 DEBUG Log:31] Load head avatar thành công (351)
[2026-01-01 11:26:08 DEBUG Log:31] Load flag bag thành công (112)
[2026-01-01 11:26:08 DEBUG Log:31] Load cải trang thành công (361)
[2026-01-01 11:26:08 DEBUG Log:31] Load intrinsic thành công (26)
[2026-01-01 11:26:08 DEBUG Log:31] Load task thành công (33)
[2026-01-01 11:26:08 DEBUG Log:31] Load side task thành công (59)
[2026-01-01 11:26:08 DEBUG Log:31] Load map item template thành công (2154)
[2026-01-01 11:26:08 DEBUG Log:31] Load map item option template thành công (251)
[2026-01-01 11:26:08 DEBUG Log:31] Load shop thành công (22)
[2026-01-01 11:26:08 DEBUG Log:31] Load reward lucky round thành công! 79.25999999999999
[2026-01-01 11:26:08 DEBUG Log:31] Load reward lucky round thành công (82)
[2026-01-01 11:26:08 DEBUG Log:31] Load mob template thành công (84)
[2026-01-01 11:26:08 DEBUG Log:31] Load npc template thành công (80)
[2026-01-01 11:26:09 DEBUG Log:31] Init map thành công!
[2026-01-01 11:26:09 DEBUG Log:31] Thông báo tải dữ liệu images by name thành công (113)
[2026-01-01 11:26:09 DEBUG Log:31] Load clan thành công (0), clan next id: 0
[2026-01-01 11:26:09 DEBUG Log:22] Tổng thời gian load database: 857(ms)
[2026-01-01 11:26:09 DEBUG Log:22] Thread: 183
[2026-09-13 15:21:20 DEBUG Log:31] Load part thành công (2042)
[2026-09-13 15:21:20 DEBUG Log:31] Load map template thành công (163)
[2026-09-13 15:21:20 DEBUG Log:31] Load skill thành công (4)
[2026-09-13 15:21:20 DEBUG Log:31] Load head avatar thành công (351)
[2026-09-13 15:21:20 DEBUG Log:31] Load flag bag thành công (112)
[2026-09-13 15:21:20 DEBUG Log:31] Load cải trang thành công (361)
[2026-09-13 15:21:20 DEBUG Log:31] Load intrinsic thành công (26)
[2026-09-13 15:21:20 DEBUG Log:31] Load task thành công (33)
[2026-09-13 15:21:20 DEBUG Log:31] Load side task thành công (59)
[2026-09-13 15:21:20 DEBUG Log:31] Load map item template thành công (2154)
[2026-09-13 15:21:20 DEBUG Log:31] Load map item option template thành công (251)
[2026-09-13 15:21:20 DEBUG Log:31] Load shop thành công (22)
[2026-09-13 15:21:20 DEBUG Log:31] Load reward lucky round thành công! 79.25999999999999
[2026-09-13 15:21:20 DEBUG Log:31] Load reward lucky round thành công (82)
[2026-09-13 15:21:20 DEBUG Log:31] Load mob template thành công (84)
[2026-09-13 15:21:20 DEBUG Log:31] Load npc template thành công (80)
[2026-09-13 15:21:21 DEBUG Log:31] Init map thành công!
[2026-09-13 15:21:21 DEBUG Log:31] Thông báo tải dữ liệu images by name thành công (113)
[2026-09-13 15:21:21 DEBUG Log:31] Load clan thành công (0), clan next id: 0
[2026-09-13 15:21:21 DEBUG Log:22] Tổng thời gian load database: 1023(ms)
[2026-09-13 15:21:21 DEBUG Log:22] Thread: 182
[2026-09-13 15:25:04 DEBUG Log:31] Load part thành công (2042)
[2026-09-13 15:25:04 DEBUG Log:31] Load map template thành công (163)
[2026-09-13 15:25:04 DEBUG Log:31] Load skill thành công (4)
[2026-09-13 15:25:04 DEBUG Log:31] Load head avatar thành công (351)
[2026-09-13 15:25:04 DEBUG Log:31] Load flag bag thành công (112)
[2026-09-13 15:25:04 DEBUG Log:31] Load cải trang thành công (361)
[2026-09-13 15:25:04 DEBUG Log:31] Load intrinsic thành công (26)
[2026-09-13 15:25:04 DEBUG Log:31] Load task thành công (33)
[2026-09-13 15:25:04 DEBUG Log:31] Load side task thành công (59)
[2026-09-13 15:25:04 DEBUG Log:31] Load map item template thành công (2154)
[2026-09-13 15:25:04 DEBUG Log:31] Load map item option template thành công (251)
[2026-09-13 15:25:04 DEBUG Log:31] Load shop thành công (22)
[2026-09-13 15:25:04 ERROR Log:53] nro.server.Manager:Lỗi load database
java.lang.NullPointerException: Cannot read the array length because the return value of "java.io.File.listFiles()" is null
	at nro.server.Manager.loadDatabase(Manager.java:621)
	at nro.server.Manager.<init>(Manager.java:169)
	at nro.server.Manager.gI(Manager.java:156)
	at nro.server.ServerManager.init(ServerManager.java:70)
	at nro.server.ServerManager.gI(ServerManager.java:82)
	at nro.server.ServerManager.main(ServerManager.java:89)
[2026-09-13 15:25:18 DEBUG Log:31] Load part thành công (2042)
[2026-09-13 15:25:18 DEBUG Log:31] Load map template thành công (163)
[2026-09-13 15:25:18 DEBUG Log:31] Load skill thành công (4)
[2026-09-13 15:25:18 DEBUG Log:31] Load head avatar thành công (351)
[2026-09-13 15:25:18 DEBUG Log:31] Load flag bag thành công (112)
[2026-09-13 15:25:18 DEBUG Log:31] Load cải trang thành công (361)
[2026-09-13 15:25:18 DEBUG Log:31] Load intrinsic thành công (26)
[2026-09-13 15:25:18 DEBUG Log:31] Load task thành công (33)
[2026-09-13 15:25:18 DEBUG Log:31] Load side task thành công (59)
[2026-09-13 15:25:18 DEBUG Log:31] Load map item template thành công (2154)
[2026-09-13 15:25:18 DEBUG Log:31] Load map item option template thành công (251)
[2026-09-13 15:25:18 DEBUG Log:31] Load shop thành công (22)
[2026-09-13 15:25:18 DEBUG Log:31] Load reward lucky round thành công! 79.25999999999999
[2026-09-13 15:25:18 DEBUG Log:31] Load reward lucky round thành công (82)
[2026-09-13 15:25:18 DEBUG Log:31] Load mob template thành công (84)
[2026-09-13 15:25:18 DEBUG Log:31] Load npc template thành công (80)
[2026-09-13 15:25:19 DEBUG Log:31] Init map thành công!
[2026-09-13 15:25:19 DEBUG Log:31] Thông báo tải dữ liệu images by name thành công (113)
[2026-09-13 15:25:19 DEBUG Log:31] Load clan thành công (0), clan next id: 0
[2026-09-13 15:25:19 DEBUG Log:22] Tổng thời gian load database: 932(ms)
[2026-09-13 15:25:19 DEBUG Log:22] Thread: 183
[2026-09-13 15:26:14 DEBUG Log:31] Load part thành công (2042)
[2026-09-13 15:26:14 DEBUG Log:31] Load map template thành công (163)
[2026-09-13 15:26:14 DEBUG Log:31] Load skill thành công (4)
[2026-09-13 15:26:14 DEBUG Log:31] Load head avatar thành công (351)
[2026-09-13 15:26:14 DEBUG Log:31] Load flag bag thành công (112)
[2026-09-13 15:26:14 DEBUG Log:31] Load cải trang thành công (361)
[2026-09-13 15:26:14 DEBUG Log:31] Load intrinsic thành công (26)
[2026-09-13 15:26:14 DEBUG Log:31] Load task thành công (33)
[2026-09-13 15:26:14 DEBUG Log:31] Load side task thành công (59)
[2026-09-13 15:26:14 DEBUG Log:31] Load map item template thành công (2154)
[2026-09-13 15:26:14 DEBUG Log:31] Load map item option template thành công (251)
[2026-09-13 15:26:14 DEBUG Log:31] Load shop thành công (22)
[2026-09-13 15:26:14 DEBUG Log:31] Load reward lucky round thành công! 79.25999999999999
[2026-09-13 15:26:14 DEBUG Log:31] Load reward lucky round thành công (82)
[2026-09-13 15:26:14 DEBUG Log:31] Load mob template thành công (84)
[2026-09-13 15:26:14 DEBUG Log:31] Load npc template thành công (80)
[2026-09-13 15:26:15 DEBUG Log:31] Init map thành công!
[2026-09-13 15:26:15 DEBUG Log:31] Thông báo tải dữ liệu images by name thành công (113)
[2026-09-13 15:26:15 DEBUG Log:31] Load clan thành công (0), clan next id: 0
[2026-09-13 15:26:15 DEBUG Log:22] Tổng thời gian load database: 927(ms)
[2026-09-13 15:26:15 DEBUG Log:22] Thread: 183
[2026-09-13 15:28:44 DEBUG Log:31] Load part thành công (2042)
[2026-09-13 15:28:44 DEBUG Log:31] Load map template thành công (163)
[2026-09-13 15:28:44 DEBUG Log:31] Load skill thành công (4)
[2026-09-13 15:28:44 DEBUG Log:31] Load head avatar thành công (351)
[2026-09-13 15:28:44 DEBUG Log:31] Load flag bag thành công (112)
[2026-09-13 15:28:44 DEBUG Log:31] Load cải trang thành công (361)
[2026-09-13 15:28:44 DEBUG Log:31] Load intrinsic thành công (26)
[2026-09-13 15:28:44 DEBUG Log:31] Load task thành công (33)
[2026-09-13 15:28:44 DEBUG Log:31] Load side task thành công (59)
[2026-09-13 15:28:44 DEBUG Log:31] Load map item template thành công (2154)
[2026-09-13 15:28:44 DEBUG Log:31] Load map item option template thành công (251)
[2026-09-13 15:28:44 DEBUG Log:31] Load shop thành công (22)
[2026-09-13 15:28:44 DEBUG Log:31] Load reward lucky round thành công! 79.25999999999999
[2026-09-13 15:28:44 DEBUG Log:31] Load reward lucky round thành công (82)
[2026-09-13 15:28:44 DEBUG Log:31] Load mob template thành công (84)
[2026-09-13 15:28:44 DEBUG Log:31] Load npc template thành công (80)
[2026-09-13 15:28:44 DEBUG Log:31] Init map thành công!
[2026-09-13 15:28:44 DEBUG Log:31] Thông báo tải dữ liệu images by name thành công (113)
[2026-09-13 15:28:44 DEBUG Log:31] Load clan thành công (0), clan next id: 0
[2026-09-13 15:28:44 DEBUG Log:22] Tổng thời gian load database: 1029(ms)
[2026-09-13 15:28:44 DEBUG Log:22] Thread: 182
[2026-09-13 15:45:34 DEBUG Log:31] Load part thành công (2042)
[2026-09-13 15:45:34 DEBUG Log:31] Load map template thành công (163)
[2026-09-13 15:45:34 DEBUG Log:31] Load skill thành công (4)
[2026-09-13 15:45:34 DEBUG Log:31] Load head avatar thành công (351)
[2026-09-13 15:45:34 DEBUG Log:31] Load flag bag thành công (112)
[2026-09-13 15:45:34 DEBUG Log:31] Load cải trang thành công (361)
[2026-09-13 15:45:34 DEBUG Log:31] Load intrinsic thành công (26)
[2026-09-13 15:45:34 DEBUG Log:31] Load task thành công (33)
[2026-09-13 15:45:34 DEBUG Log:31] Load side task thành công (59)
[2026-09-13 15:45:34 DEBUG Log:31] Load map item template thành công (2154)
[2026-09-13 15:45:34 DEBUG Log:31] Load map item option template thành công (251)
[2026-09-13 15:45:34 DEBUG Log:31] Load shop thành công (22)
[2026-09-13 15:45:34 DEBUG Log:31] Load reward lucky round thành công! 79.25999999999999
[2026-09-13 15:45:34 DEBUG Log:31] Load reward lucky round thành công (82)
[2026-09-13 15:45:34 DEBUG Log:31] Load mob template thành công (84)
[2026-09-13 15:45:34 DEBUG Log:31] Load npc template thành công (80)
[2026-09-13 15:45:35 DEBUG Log:31] Init map thành công!
[2026-09-13 15:45:35 DEBUG Log:31] Thông báo tải dữ liệu images by name thành công (113)
[2026-09-13 15:45:35 DEBUG Log:31] Load clan thành công (0), clan next id: 0
[2026-09-13 15:45:35 DEBUG Log:22] Tổng thời gian load database: 929(ms)
[2026-09-13 15:45:35 DEBUG Log:22] Thread: 182
[2026-09-13 15:46:52 DEBUG Log:31] Load part thành công (2042)
[2026-09-13 15:46:52 DEBUG Log:31] Load map template thành công (163)
[2026-09-13 15:46:52 DEBUG Log:31] Load skill thành công (4)
[2026-09-13 15:46:52 DEBUG Log:31] Load head avatar thành công (351)
[2026-09-13 15:46:52 DEBUG Log:31] Load flag bag thành công (112)
[2026-09-13 15:46:52 DEBUG Log:31] Load cải trang thành công (361)
[2026-09-13 15:46:52 DEBUG Log:31] Load intrinsic thành công (26)
[2026-09-13 15:46:52 DEBUG Log:31] Load task thành công (33)
[2026-09-13 15:46:52 DEBUG Log:31] Load side task thành công (59)
[2026-09-13 15:46:52 DEBUG Log:31] Load map item template thành công (2154)
[2026-09-13 15:46:52 DEBUG Log:31] Load map item option template thành công (251)
[2026-09-13 15:46:53 DEBUG Log:31] Load shop thành công (22)
[2026-09-13 15:46:53 DEBUG Log:31] Load reward lucky round thành công! 79.25999999999999
[2026-09-13 15:46:53 DEBUG Log:31] Load reward lucky round thành công (82)
[2026-09-13 15:46:53 DEBUG Log:31] Load mob template thành công (84)
[2026-09-13 15:46:53 DEBUG Log:31] Load npc template thành công (80)
[2026-09-13 15:46:53 DEBUG Log:31] Init map thành công!
[2026-09-13 15:46:53 DEBUG Log:31] Thông báo tải dữ liệu images by name thành công (113)
[2026-09-13 15:46:53 DEBUG Log:31] Load clan thành công (0), clan next id: 0
[2026-09-13 15:46:53 DEBUG Log:22] Tổng thời gian load database: 967(ms)
[2026-09-13 15:46:53 DEBUG Log:22] Thread: 183
[2026-09-13 15:47:51 DEBUG Log:31] Load part thành công (2042)
[2026-09-13 15:47:51 DEBUG Log:31] Load map template thành công (163)
[2026-09-13 15:47:51 DEBUG Log:31] Load skill thành công (4)
[2026-09-13 15:47:51 DEBUG Log:31] Load head avatar thành công (351)
[2026-09-13 15:47:51 DEBUG Log:31] Load flag bag thành công (112)
[2026-09-13 15:47:51 DEBUG Log:31] Load cải trang thành công (361)
[2026-09-13 15:47:51 DEBUG Log:31] Load intrinsic thành công (26)
[2026-09-13 15:47:51 DEBUG Log:31] Load task thành công (33)
[2026-09-13 15:47:51 DEBUG Log:31] Load side task thành công (59)
[2026-09-13 15:47:52 DEBUG Log:31] Load map item template thành công (2154)
[2026-09-13 15:47:52 DEBUG Log:31] Load map item option template thành công (251)
[2026-09-13 15:47:52 DEBUG Log:31] Load shop thành công (22)
[2026-09-13 15:47:52 DEBUG Log:31] Load reward lucky round thành công! 79.25999999999999
[2026-09-13 15:47:52 DEBUG Log:31] Load reward lucky round thành công (82)
[2026-09-13 15:47:52 DEBUG Log:31] Load mob template thành công (84)
[2026-09-13 15:47:52 DEBUG Log:31] Load npc template thành công (80)
[2026-09-13 15:47:52 DEBUG Log:31] Init map thành công!
[2026-09-13 15:47:52 DEBUG Log:31] Thông báo tải dữ liệu images by name thành công (113)
[2026-09-13 15:47:52 DEBUG Log:31] Load clan thành công (0), clan next id: 0
[2026-09-13 15:47:52 DEBUG Log:22] Tổng thời gian load database: 996(ms)
[2026-09-13 15:47:52 DEBUG Log:22] Thread: 183
[2026-09-14 13:48:58 DEBUG Log:31] Load part thành công (2042)
[2026-09-14 13:48:58 DEBUG Log:31] Load map template thành công (163)
[2026-09-14 13:48:59 DEBUG Log:31] Load skill thành công (4)
[2026-09-14 13:48:59 DEBUG Log:31] Load head avatar thành công (351)
[2026-09-14 13:48:59 DEBUG Log:31] Load flag bag thành công (112)
[2026-09-14 13:48:59 DEBUG Log:31] Load cải trang thành công (361)
[2026-09-14 13:48:59 DEBUG Log:31] Load intrinsic thành công (26)
[2026-09-14 13:48:59 DEBUG Log:31] Load task thành công (33)
[2026-09-14 13:48:59 DEBUG Log:31] Load side task thành công (59)
[2026-09-14 13:48:59 DEBUG Log:31] Load map item template thành công (2154)
[2026-09-14 13:48:59 DEBUG Log:31] Load map item option template thành công (251)
[2026-09-14 13:48:59 DEBUG Log:31] Load shop thành công (22)
[2026-09-14 13:48:59 DEBUG Log:31] Load reward lucky round thành công! 79.25999999999999
[2026-09-14 13:48:59 DEBUG Log:31] Load reward lucky round thành công (82)
[2026-09-14 13:48:59 DEBUG Log:31] Load mob template thành công (84)
[2026-09-14 13:48:59 DEBUG Log:31] Load npc template thành công (80)
[2026-09-14 13:48:59 DEBUG Log:31] Init map thành công!
[2026-09-14 13:48:59 DEBUG Log:31] Thông báo tải dữ liệu images by name thành công (113)
[2026-09-14 13:48:59 DEBUG Log:31] Load clan thành công (0), clan next id: 0
[2026-09-14 13:49:00 DEBUG Log:22] Tổng thời gian load database: 1490(ms)
[2026-09-14 13:49:00 DEBUG Log:22] Thread: 183
[2026-09-14 20:21:25 DEBUG Log:31] Load part thành công (2042)
[2026-09-14 20:21:26 DEBUG Log:31] Load map template thành công (163)
[2026-09-14 20:21:26 DEBUG Log:31] Load skill thành công (4)
[2026-09-14 20:21:26 DEBUG Log:31] Load head avatar thành công (351)
[2026-09-14 20:21:26 DEBUG Log:31] Load flag bag thành công (112)
[2026-09-14 20:21:26 DEBUG Log:31] Load cải trang thành công (361)
[2026-09-14 20:21:26 DEBUG Log:31] Load intrinsic thành công (26)
[2026-09-14 20:21:26 DEBUG Log:31] Load task thành công (33)
[2026-09-14 20:21:26 DEBUG Log:31] Load side task thành công (59)
[2026-09-14 20:21:26 DEBUG Log:31] Load map item template thành công (2154)
[2026-09-14 20:21:26 DEBUG Log:31] Load map item option template thành công (251)
[2026-09-14 20:21:26 DEBUG Log:31] Load shop thành công (22)
[2026-09-14 20:21:26 DEBUG Log:31] Load reward lucky round thành công! 79.25999999999999
[2026-09-14 20:21:26 DEBUG Log:31] Load reward lucky round thành công (82)
[2026-09-14 20:21:26 DEBUG Log:31] Load mob template thành công (84)
[2026-09-14 20:21:26 DEBUG Log:31] Load npc template thành công (80)
[2026-09-14 20:21:26 DEBUG Log:31] Init map thành công!
[2026-09-14 20:21:26 DEBUG Log:31] Thông báo tải dữ liệu images by name thành công (113)
[2026-09-14 20:21:26 DEBUG Log:31] Load clan thành công (1), clan next id: 1
[2026-09-14 20:21:26 DEBUG Log:22] Tổng thời gian load database: 1102(ms)
[2026-09-14 20:21:26 DEBUG Log:22] Thread: 182
[2026-09-14 20:21:45 DEBUG Log:31] Load part thành công (2042)
[2026-09-14 20:21:45 DEBUG Log:31] Load map template thành công (163)
[2026-09-14 20:21:45 DEBUG Log:31] Load skill thành công (4)
[2026-09-14 20:21:45 DEBUG Log:31] Load head avatar thành công (351)
[2026-09-14 20:21:45 DEBUG Log:31] Load flag bag thành công (112)
[2026-09-14 20:21:45 DEBUG Log:31] Load cải trang thành công (361)
[2026-09-14 20:21:45 DEBUG Log:31] Load intrinsic thành công (26)
[2026-09-14 20:21:45 DEBUG Log:31] Load task thành công (33)
[2026-09-14 20:21:45 DEBUG Log:31] Load side task thành công (59)
[2026-09-14 20:21:45 DEBUG Log:31] Load map item template thành công (2154)
[2026-09-14 20:21:45 DEBUG Log:31] Load map item option template thành công (251)
[2026-09-14 20:21:45 DEBUG Log:31] Load shop thành công (22)
[2026-09-14 20:21:45 DEBUG Log:31] Load reward lucky round thành công! 79.25999999999999
[2026-09-14 20:21:45 DEBUG Log:31] Load reward lucky round thành công (82)
[2026-09-14 20:21:45 DEBUG Log:31] Load mob template thành công (84)
[2026-09-14 20:21:45 DEBUG Log:31] Load npc template thành công (80)
[2026-09-14 20:21:45 DEBUG Log:31] Init map thành công!
[2026-09-14 20:21:45 DEBUG Log:31] Thông báo tải dữ liệu images by name thành công (113)
[2026-09-14 20:21:45 DEBUG Log:31] Load clan thành công (1), clan next id: 1
[2026-09-14 20:21:45 DEBUG Log:22] Tổng thời gian load database: 979(ms)
[2026-09-14 20:21:45 DEBUG Log:22] Thread: 181
[2026-09-14 20:22:54 DEBUG Log:31] Load part thành công (2042)
[2026-09-14 20:22:54 DEBUG Log:31] Load map template thành công (163)
[2026-09-14 20:22:54 DEBUG Log:31] Load skill thành công (4)
[2026-09-14 20:22:54 DEBUG Log:31] Load head avatar thành công (351)
[2026-09-14 20:22:54 DEBUG Log:31] Load flag bag thành công (112)
[2026-09-14 20:22:54 DEBUG Log:31] Load cải trang thành công (361)
[2026-09-14 20:22:54 DEBUG Log:31] Load intrinsic thành công (26)
[2026-09-14 20:22:54 DEBUG Log:31] Load task thành công (33)
[2026-09-14 20:22:54 DEBUG Log:31] Load side task thành công (59)
[2026-09-14 20:22:54 DEBUG Log:31] Load map item template thành công (2154)
[2026-09-14 20:22:54 DEBUG Log:31] Load map item option template thành công (251)
[2026-09-14 20:22:54 DEBUG Log:31] Load shop thành công (22)
[2026-09-14 20:22:54 DEBUG Log:31] Load reward lucky round thành công! 79.25999999999999
[2026-09-14 20:22:54 DEBUG Log:31] Load reward lucky round thành công (82)
[2026-09-14 20:22:54 DEBUG Log:31] Load mob template thành công (84)
[2026-09-14 20:22:54 DEBUG Log:31] Load npc template thành công (80)
[2026-09-14 20:22:55 DEBUG Log:31] Init map thành công!
[2026-09-14 20:22:55 DEBUG Log:31] Thông báo tải dữ liệu images by name thành công (113)
[2026-09-14 20:22:55 DEBUG Log:31] Load clan thành công (1), clan next id: 1
[2026-09-14 20:22:55 DEBUG Log:22] Tổng thời gian load database: 957(ms)
[2026-09-14 20:22:55 DEBUG Log:22] Thread: 183
[2026-09-14 20:23:33 DEBUG Log:31] Load part thành công (2042)
[2026-09-14 20:23:33 DEBUG Log:31] Load map template thành công (163)
[2026-09-14 20:23:33 DEBUG Log:31] Load skill thành công (4)
[2026-09-14 20:23:33 DEBUG Log:31] Load head avatar thành công (351)
[2026-09-14 20:23:33 DEBUG Log:31] Load flag bag thành công (112)
[2026-09-14 20:23:33 DEBUG Log:31] Load cải trang thành công (361)
[2026-09-14 20:23:33 DEBUG Log:31] Load intrinsic thành công (26)
[2026-09-14 20:23:33 DEBUG Log:31] Load task thành công (33)
[2026-09-14 20:23:33 DEBUG Log:31] Load side task thành công (59)
[2026-09-14 20:23:33 DEBUG Log:31] Load map item template thành công (2154)
[2026-09-14 20:23:33 DEBUG Log:31] Load map item option template thành công (251)
[2026-09-14 20:23:33 DEBUG Log:31] Load shop thành công (22)
[2026-09-14 20:23:33 DEBUG Log:31] Load reward lucky round thành công! 79.25999999999999
[2026-09-14 20:23:33 DEBUG Log:31] Load reward lucky round thành công (82)
[2026-09-14 20:23:33 DEBUG Log:31] Load mob template thành công (84)
[2026-09-14 20:23:33 DEBUG Log:31] Load npc template thành công (80)
[2026-09-14 20:23:33 DEBUG Log:31] Init map thành công!
[2026-09-14 20:23:33 DEBUG Log:31] Thông báo tải dữ liệu images by name thành công (113)
[2026-09-14 20:23:33 DEBUG Log:31] Load clan thành công (1), clan next id: 1
[2026-09-14 20:23:33 DEBUG Log:22] Tổng thời gian load database: 953(ms)
[2026-09-14 20:23:33 DEBUG Log:22] Thread: 182
[2026-09-14 23:26:15 DEBUG Log:31] Load part thành công (2042)
[2026-09-14 23:26:15 DEBUG Log:31] Load map template thành công (163)
[2026-09-14 23:26:15 DEBUG Log:31] Load skill thành công (4)
[2026-09-14 23:26:15 DEBUG Log:31] Load head avatar thành công (351)
[2026-09-14 23:26:15 DEBUG Log:31] Load flag bag thành công (112)
[2026-09-14 23:26:15 DEBUG Log:31] Load cải trang thành công (361)
[2026-09-14 23:26:15 DEBUG Log:31] Load intrinsic thành công (26)
[2026-09-14 23:26:15 DEBUG Log:31] Load task thành công (33)
[2026-09-14 23:26:15 DEBUG Log:31] Load side task thành công (59)
[2026-09-14 23:26:15 DEBUG Log:31] Load map item template thành công (2154)
[2026-09-14 23:26:15 DEBUG Log:31] Load map item option template thành công (251)
[2026-09-14 23:26:15 DEBUG Log:31] Load shop thành công (22)
[2026-09-14 23:26:15 DEBUG Log:31] Load reward lucky round thành công! 79.25999999999999
[2026-09-14 23:26:15 DEBUG Log:31] Load reward lucky round thành công (82)
[2026-09-14 23:26:15 DEBUG Log:31] Load mob template thành công (84)
[2026-09-14 23:26:15 DEBUG Log:31] Load npc template thành công (80)
[2026-09-14 23:26:16 DEBUG Log:31] Init map thành công!
[2026-09-14 23:26:16 DEBUG Log:31] Thông báo tải dữ liệu images by name thành công (113)
[2026-09-14 23:26:16 DEBUG Log:31] Load clan thành công (1), clan next id: 1
[2026-09-14 23:26:16 DEBUG Log:22] Tổng thời gian load database: 1250(ms)
[2026-09-14 23:26:16 DEBUG Log:22] Thread: 182
